// Vitest Snapshot v1, https://vitest.dev/guide/snapshot.html

exports[`component symbol catalog validation > tracks an inventory of rendered symbols and pin metadata 1`] = `
[
  {
    "category": "passive",
    "expectedPinCounts": [
      2,
    ],
    "id": "capacitor-ceramic",
    "kind": "capacitor",
    "pinCount": 2,
    "rendererId": "line-only",
  },
  {
    "category": "passive",
    "expectedPinCounts": [
      2,
    ],
    "id": "capacitor-electrolytic",
    "kind": "capacitor",
    "pinCount": 2,
    "rendererId": "line-only",
  },
  {
    "category": "passive",
    "expectedPinCounts": [
      2,
    ],
    "id": "capacitor-film",
    "kind": "capacitor",
    "pinCount": 2,
    "rendererId": "line-only",
  },
  {
    "category": "passive",
    "expectedPinCounts": [
      2,
    ],
    "id": "capacitor",
    "kind": "capacitor",
    "pinCount": 2,
    "rendererId": "line-only",
  },
  {
    "category": "passive",
    "expectedPinCounts": [
      2,
    ],
    "id": "inductor",
    "kind": "inductor",
    "pinCount": 2,
    "rendererId": "line-only",
  },
  {
    "category": "passive",
    "expectedPinCounts": [
      2,
    ],
    "id": "resistor",
    "kind": "resistor",
    "pinCount": 2,
    "rendererId": "line-only",
  },
  {
    "category": "passive",
    "expectedPinCounts": [
      2,
    ],
    "id": "coupled-inductor",
    "kind": "inductor",
    "pinCount": 2,
    "rendererId": "line-only",
  },
  {
    "category": "passive",
    "expectedPinCounts": [
      2,
    ],
    "id": "ferrite-bead",
    "kind": "resistor",
    "pinCount": 2,
    "rendererId": "line-only",
  },
  {
    "category": "passive",
    "expectedPinCounts": [
      2,
    ],
    "id": "thermistor-ntc",
    "kind": "resistor",
    "pinCount": 2,
    "rendererId": "line-only",
  },
  {
    "category": "passive",
    "expectedPinCounts": [
      2,
    ],
    "id": "potentiometer-trimpot",
    "kind": "resistor",
    "pinCount": 2,
    "rendererId": "line-only",
  },
  {
    "category": "passive",
    "expectedPinCounts": [
      2,
    ],
    "id": "thermistor-ptc",
    "kind": "resistor",
    "pinCount": 2,
    "rendererId": "line-only",
  },
  {
    "category": "passive",
    "expectedPinCounts": [
      2,
    ],
    "id": "trimmer-resistor",
    "kind": "resistor",
    "pinCount": 2,
    "rendererId": "line-only",
  },
  {
    "category": "passive",
    "expectedPinCounts": [
      2,
    ],
    "id": "varistor-mov",
    "kind": "resistor",
    "pinCount": 2,
    "rendererId": "line-only",
  },
  {
    "category": "sources",
    "expectedPinCounts": [
      2,
    ],
    "id": "ac-voltage-source",
    "kind": "ac-voltage-source",
    "pinCount": 2,
    "rendererId": "line-only",
  },
  {
    "category": "sources",
    "expectedPinCounts": [
      2,
    ],
    "id": "battery-cell",
    "kind": "battery-cell",
    "pinCount": 2,
    "rendererId": "line-only",
  },
  {
    "category": "sources",
    "expectedPinCounts": [
      2,
    ],
    "id": "battery-pack",
    "kind": "battery-pack",
    "pinCount": 2,
    "rendererId": "line-only",
  },
  {
    "category": "sources",
    "expectedPinCounts": [
      2,
    ],
    "id": "battery-coin-cell",
    "kind": "battery-coin-cell",
    "pinCount": 2,
    "rendererId": "line-only",
  },
  {
    "category": "sources",
    "expectedPinCounts": [
      2,
    ],
    "id": "current-source",
    "kind": "current-source",
    "pinCount": 2,
    "rendererId": "line-only",
  },
  {
    "category": "sources",
    "expectedPinCounts": [
      2,
    ],
    "id": "voltage-source",
    "kind": "voltage-source",
    "pinCount": 2,
    "rendererId": "line-only",
  },
  {
    "category": "sources",
    "expectedPinCounts": [
      2,
    ],
    "id": "pulse-voltage-source",
    "kind": "pulse-voltage-source",
    "pinCount": 2,
    "rendererId": "line-only",
  },
  {
    "category": "sources",
    "expectedPinCounts": [
      2,
    ],
    "id": "reference-source",
    "kind": "reference-source",
    "pinCount": 2,
    "rendererId": "line-only",
  },
  {
    "category": "sources",
    "expectedPinCounts": [
      5,
      8,
    ],
    "id": "voltage-reference",
    "kind": "voltage-reference",
    "pinCount": 5,
    "rendererId": "op-amp-triangle",
  },
  {
    "category": "semiconductors",
    "expectedPinCounts": [
      2,
    ],
    "id": "diode-led",
    "kind": "diode",
    "pinCount": 2,
    "rendererId": "diode",
  },
  {
    "category": "semiconductors",
    "expectedPinCounts": [
      2,
    ],
    "id": "diode",
    "kind": "diode",
    "pinCount": 2,
    "rendererId": "diode",
  },
  {
    "category": "semiconductors",
    "expectedPinCounts": [
      2,
    ],
    "id": "diode-schottky",
    "kind": "diode",
    "pinCount": 2,
    "rendererId": "diode",
  },
  {
    "category": "semiconductors",
    "expectedPinCounts": [
      2,
    ],
    "id": "diode-tvs",
    "kind": "diode",
    "pinCount": 2,
    "rendererId": "diode",
  },
  {
    "category": "semiconductors",
    "expectedPinCounts": [
      2,
    ],
    "id": "diode-zener",
    "kind": "diode",
    "pinCount": 2,
    "rendererId": "diode",
  },
  {
    "category": "semiconductors",
    "expectedPinCounts": [
      3,
    ],
    "id": "bjt-npn-power",
    "kind": "bjt",
    "pinCount": 3,
    "rendererId": "transistor-circle",
  },
  {
    "category": "semiconductors",
    "expectedPinCounts": [
      3,
    ],
    "id": "bjt",
    "kind": "bjt",
    "pinCount": 3,
    "rendererId": "transistor-circle",
  },
  {
    "category": "semiconductors",
    "expectedPinCounts": [
      3,
    ],
    "id": "bjt-pnp-power",
    "kind": "bjt",
    "pinCount": 3,
    "rendererId": "transistor-circle",
  },
  {
    "category": "semiconductors",
    "expectedPinCounts": [
      3,
    ],
    "id": "bjt-pnp-small-signal",
    "kind": "bjt",
    "pinCount": 3,
    "rendererId": "transistor-circle",
  },
  {
    "category": "semiconductors",
    "expectedPinCounts": [
      3,
    ],
    "id": "mosfet",
    "kind": "mosfet",
    "pinCount": 3,
    "rendererId": "transistor-circle",
  },
  {
    "category": "semiconductors",
    "expectedPinCounts": [
      3,
    ],
    "id": "mosfet-nmos-power",
    "kind": "mosfet",
    "pinCount": 3,
    "rendererId": "transistor-circle",
  },
  {
    "category": "semiconductors",
    "expectedPinCounts": [
      3,
    ],
    "id": "mosfet-pmos-logic",
    "kind": "mosfet",
    "pinCount": 3,
    "rendererId": "transistor-circle",
  },
  {
    "category": "semiconductors",
    "expectedPinCounts": [
      3,
    ],
    "id": "mosfet-pmos-power",
    "kind": "mosfet",
    "pinCount": 3,
    "rendererId": "transistor-circle",
  },
  {
    "category": "ics",
    "expectedPinCounts": [
      3,
      10,
      14,
    ],
    "id": "logic-gate",
    "kind": "logic-gate",
    "pinCount": 3,
    "rendererId": "logic-gate-block",
  },
  {
    "category": "ics",
    "expectedPinCounts": [
      5,
      8,
    ],
    "id": "op-amp",
    "kind": "op-amp",
    "pinCount": 5,
    "rendererId": "op-amp-triangle",
  },
  {
    "category": "ics",
    "expectedPinCounts": [
      3,
      10,
      14,
    ],
    "id": "logic-buffer",
    "kind": "logic-gate",
    "pinCount": 3,
    "rendererId": "logic-gate-block",
  },
  {
    "category": "ics",
    "expectedPinCounts": [
      3,
      10,
      14,
    ],
    "id": "logic-counter",
    "kind": "logic-gate",
    "pinCount": 3,
    "rendererId": "logic-gate-block",
  },
  {
    "category": "ics",
    "expectedPinCounts": [
      3,
      10,
      14,
    ],
    "id": "logic-flip-flop",
    "kind": "logic-gate",
    "pinCount": 3,
    "rendererId": "logic-gate-block",
  },
  {
    "category": "ics",
    "expectedPinCounts": [
      3,
      10,
      14,
    ],
    "id": "logic-latch",
    "kind": "logic-gate",
    "pinCount": 3,
    "rendererId": "logic-gate-block",
  },
  {
    "category": "ics",
    "expectedPinCounts": [
      3,
      10,
      14,
    ],
    "id": "logic-multiplexer",
    "kind": "logic-gate",
    "pinCount": 3,
    "rendererId": "logic-gate-block",
  },
  {
    "category": "ics",
    "expectedPinCounts": [
      3,
      10,
      14,
    ],
    "id": "logic-schmitt-trigger",
    "kind": "logic-gate",
    "pinCount": 3,
    "rendererId": "logic-gate-block",
  },
  {
    "category": "ics",
    "expectedPinCounts": [
      3,
      10,
      14,
    ],
    "id": "logic-tri-state-buffer",
    "kind": "logic-gate",
    "pinCount": 3,
    "rendererId": "logic-gate-block",
  },
  {
    "category": "ics",
    "expectedPinCounts": [
      5,
      8,
    ],
    "id": "comparator",
    "kind": "comparator",
    "pinCount": 5,
    "rendererId": "op-amp-triangle",
  },
  {
    "category": "ics",
    "expectedPinCounts": [
      5,
      8,
    ],
    "id": "instrumentation-amplifier",
    "kind": "instrumentation-amplifier",
    "pinCount": 5,
    "rendererId": "op-amp-triangle",
  },
  {
    "category": "ics",
    "expectedPinCounts": [
      5,
      8,
    ],
    "id": "lm358",
    "kind": "op-amp",
    "pinCount": 8,
    "rendererId": "op-amp-triangle",
  },
  {
    "category": "power",
    "expectedPinCounts": [
      2,
    ],
    "id": "charge-pump",
    "kind": "charge-pump",
    "pinCount": 2,
    "rendererId": "line-only",
  },
  {
    "category": "power",
    "expectedPinCounts": [
      2,
    ],
    "id": "boost-regulator",
    "kind": "boost-regulator",
    "pinCount": 2,
    "rendererId": "line-only",
  },
  {
    "category": "power",
    "expectedPinCounts": [
      2,
    ],
    "id": "buck-regulator",
    "kind": "buck-regulator",
    "pinCount": 2,
    "rendererId": "line-only",
  },
  {
    "category": "power",
    "expectedPinCounts": [
      2,
    ],
    "id": "current-regulator",
    "kind": "current-regulator",
    "pinCount": 2,
    "rendererId": "line-only",
  },
  {
    "category": "power",
    "expectedPinCounts": [
      5,
      8,
    ],
    "id": "generic-regulator-controller",
    "kind": "generic-regulator-controller",
    "pinCount": 5,
    "rendererId": "op-amp-triangle",
  },
  {
    "category": "power",
    "expectedPinCounts": [
      2,
    ],
    "id": "ldo-regulator",
    "kind": "ldo-regulator",
    "pinCount": 2,
    "rendererId": "line-only",
  },
  {
    "category": "specialty",
    "expectedPinCounts": [
      0,
    ],
    "id": "subcircuit",
    "kind": "subcircuit",
    "pinCount": 0,
    "rendererId": "subcircuit-placeholder",
  },
  {
    "category": "specialty",
    "expectedPinCounts": [
      2,
    ],
    "id": "switch-analog",
    "kind": "switch-analog",
    "pinCount": 2,
    "rendererId": "line-only",
  },
  {
    "category": "specialty",
    "expectedPinCounts": [
      2,
    ],
    "id": "relay-reed",
    "kind": "relay-reed",
    "pinCount": 2,
    "rendererId": "line-only",
  },
  {
    "category": "specialty",
    "expectedPinCounts": [
      2,
    ],
    "id": "relay-ssr",
    "kind": "relay-ssr",
    "pinCount": 2,
    "rendererId": "line-only",
  },
  {
    "category": "specialty",
    "expectedPinCounts": [
      2,
    ],
    "id": "switch-dpdt",
    "kind": "switch-dpdt",
    "pinCount": 2,
    "rendererId": "line-only",
  },
  {
    "category": "specialty",
    "expectedPinCounts": [
      2,
    ],
    "id": "switch-spdt",
    "kind": "switch-spdt",
    "pinCount": 2,
    "rendererId": "line-only",
  },
  {
    "category": "specialty",
    "expectedPinCounts": [
      2,
    ],
    "id": "switch-spst",
    "kind": "switch-spst",
    "pinCount": 2,
    "rendererId": "line-only",
  },
  {
    "category": "rf",
    "expectedPinCounts": [
      3,
      10,
      14,
    ],
    "id": "ad9833",
    "kind": "logic-gate",
    "pinCount": 10,
    "rendererId": "logic-gate-block",
  },
  {
    "category": "timing",
    "expectedPinCounts": [
      5,
      8,
    ],
    "id": "ne555",
    "kind": "op-amp",
    "pinCount": 8,
    "rendererId": "op-amp-triangle",
  },
  {
    "category": "interface",
    "expectedPinCounts": [
      3,
      10,
      14,
    ],
    "id": "74hc00",
    "kind": "logic-gate",
    "pinCount": 14,
    "rendererId": "logic-gate-block",
  },
]
`;

exports[`component symbol snapshots > matches representative symbol snapshots for each renderer category 1`] = `
{
  "logic": "<rect x="38" y="10" width="24" height="20" fill="none" stroke="#9dffcc" stroke-width="2" rx="4"></rect>",
  "opAmp": "<polygon points="38,6 38,34 64,20" fill="none" stroke="#9ae6ff" stroke-width="2"></polygon>",
  "passive": "",
  "semiconductorDiode": "<polygon points="40,10 40,30 54,20" fill="none" stroke="#ffd36d" stroke-width="2"></polygon><line x1="56" y1="10" x2="56" y2="30" stroke="#ffd36d" stroke-width="2"></line>",
  "semiconductorTransistor": "<circle cx="50" cy="20" r="10" fill="none" stroke="#ffb4f3" stroke-width="2"></circle>",
  "source": "",
  "subcircuit": "",
}
`;
